
> care-template@0.0.0 build
> ng build

[33mÔØ»[39m Building...
[32mÔ£ö[39m Building...
[35mBrowser bundles[39m     
[1mInitial chunk files[22m [2m | [22m[1mNames[22m                     [2m | [22m [1mRaw size[22m[2m | [22m[1mEstimated transfer size[22m
[32mchunk-4RN3LK6K.js[39m   [2m | [22m[2m-[22m                         [2m | [22m[36m233.96 kB[39m[2m | [22m               [36m67.23 kB[39m
[32mstyles-LQWN2LKP.css[39m [2m | [22m[2mstyles[22m                    [2m | [22m[36m120.64 kB[39m[2m | [22m                [36m9.14 kB[39m
[32mchunk-ILYKJUZB.js[39m   [2m | [22m[2m-[22m                         [2m | [22m[36m106.29 kB[39m[2m | [22m               [36m27.14 kB[39m
[32mmain-2SKNYHI6.js[39m    [2m | [22m[2mmain[22m                      [2m | [22m[36m105.61 kB[39m[2m | [22m               [36m25.33 kB[39m
[32mchunk-IMPBB4AK.js[39m   [2m | [22m[2m-[22m                         [2m | [22m[36m687 bytes[39m[2m | [22m              [36m687 bytes[39m

[1m [22m                   [2m | [22m[1mInitial total[22m             [2m | [22m[1m[93m567.19 kB[39m[22m[2m | [22m              [1m129.53 kB[22m

[1mLazy chunk files[22m    [2m | [22m[1mNames[22m                     [2m | [22m [1mRaw size[22m[2m | [22m[1mEstimated transfer size[22m
[32mchunk-6WSMIS5A.js[39m   [2m | [22m[2m-[22m                         [2m | [22m[36m260.86 kB[39m[2m | [22m               [36m48.66 kB[39m
[32mchunk-7Z7YLCUY.js[39m   [2m | [22m[2m-[22m                         [2m | [22m[36m155.43 kB[39m[2m | [22m               [36m26.92 kB[39m
[32mchunk-LGFMJRZR.js[39m   [2m | [22m[2mleaflet-src[22m               [2m | [22m[36m149.55 kB[39m[2m | [22m               [36m37.65 kB[39m
[32mchunk-EDPVVMUE.js[39m   [2m | [22m[2m-[22m                         [2m | [22m[36m121.87 kB[39m[2m | [22m               [36m23.48 kB[39m
[32mchunk-2NRM3ELQ.js[39m   [2m | [22m[2mgeolocation-module[22m        [2m | [22m [36m84.05 kB[39m[2m | [22m               [36m16.99 kB[39m
[32mchunk-J2EOACVC.js[39m   [2m | [22m[2m-[22m                         [2m | [22m [36m45.73 kB[39m[2m | [22m                [36m9.29 kB[39m
[32mchunk-RKNRORT3.js[39m   [2m | [22m[2meducational-content-module[22m[2m | [22m [36m42.82 kB[39m[2m | [22m                [36m8.37 kB[39m
[32mchunk-EWUZOXOW.js[39m   [2m | [22m[2madmin-routes[22m              [2m | [22m [36m35.60 kB[39m[2m | [22m                [36m7.11 kB[39m
[32mchunk-OI3QWAJJ.js[39m   [2m | [22m[2m-[22m                         [2m | [22m [36m32.91 kB[39m[2m | [22m                [36m6.02 kB[39m
[32mchunk-M67W5Z62.js[39m   [2m | [22m[2m-[22m                         [2m | [22m [36m27.33 kB[39m[2m | [22m                [36m4.39 kB[39m
[32mchunk-XLS2WKP5.js[39m   [2m | [22m[2msession-event-module[22m      [2m | [22m [36m26.89 kB[39m[2m | [22m                [36m5.57 kB[39m
[32mchunk-KGHTHA6I.js[39m   [2m | [22m[2m-[22m                         [2m | [22m [36m23.92 kB[39m[2m | [22m                [36m4.17 kB[39m
[32mchunk-IC5IHIBD.js[39m   [2m | [22m[2mmedical-monitor-module[22m    [2m | [22m [36m22.72 kB[39m[2m | [22m                [36m5.81 kB[39m
[32mchunk-KCKJ53B4.js[39m   [2m | [22m[2muser-management-module[22m    [2m | [22m [36m15.30 kB[39m[2m | [22m                [36m4.35 kB[39m
[32mchunk-O5R6TTDM.js[39m   [2m | [22m[2m-[22m                         [2m | [22m [36m14.97 kB[39m[2m | [22m                [36m4.13 kB[39m
[2m...and 26 more lazy chunks files. Use "--verbose" to show all the files.[22m


[35mServer bundles[39m      
[1mInitial chunk files[22m [2m | [22m[1mNames[22m                     [2m | [22m [1mRaw size[22m
[32mserver.mjs[39m          [2m | [22m[2mserver[22m                    [2m | [22m[36m808.11 kB[39m[2m | [22m                       
[32mmain.server.mjs[39m     [2m | [22m[2mmain.server[22m               [2m | [22m[36m550.51 kB[39m[2m | [22m                       
[32mpolyfills.server.mjs[39m[2m | [22m[2mpolyfills.server[22m          [2m | [22m[36m233.48 kB[39m[2m | [22m                       
[32mchunk-NJKVOFET.mjs[39m  [2m | [22m[2m-[22m                         [2m | [22m[36m231.97 kB[39m[2m | [22m                       
[32mchunk-GIV7ODBX.mjs[39m  [2m | [22m[2m-[22m                         [2m | [22m[36m106.82 kB[39m[2m | [22m                       
[32mchunk-L2MVFUKD.mjs[39m  [2m | [22m[2m-[22m                         [2m | [22m  [36m1.32 kB[39m[2m | [22m                       
[32mchunk-T55IDOPT.mjs[39m  [2m | [22m[2m-[22m                         [2m | [22m[36m976 bytes[39m[2m | [22m                       

[1mLazy chunk files[22m    [2m | [22m[1mNames[22m                     [2m | [22m [1mRaw size[22m
[32mchunk-AWRLSWCW.mjs[39m  [2m | [22m[2m-[22m                         [2m | [22m[36m260.90 kB[39m[2m | [22m                       
[32mchunk-2V456MV4.mjs[39m  [2m | [22m[2m-[22m                         [2m | [22m[36m155.47 kB[39m[2m | [22m                       
[32mchunk-UOECII4I.mjs[39m  [2m | [22m[2mleaflet-src[22m               [2m | [22m[36m149.58 kB[39m[2m | [22m                       
[32mchunk-PR5RRFMW.mjs[39m  [2m | [22m[2m-[22m                         [2m | [22m[36m121.91 kB[39m[2m | [22m                       
[32mchunk-3ZWUDA5Z.mjs[39m  [2m | [22m[2mgeolocation-module[22m        [2m | [22m [36m84.09 kB[39m[2m | [22m                       
[32mchunk-7L2DB5N5.mjs[39m  [2m | [22m[2m-[22m                         [2m | [22m [36m45.76 kB[39m[2m | [22m                       
[32mchunk-JPADVMLD.mjs[39m  [2m | [22m[2meducational-content-module[22m[2m | [22m [36m42.86 kB[39m[2m | [22m                       
[32mchunk-FFX24BUA.mjs[39m  [2m | [22m[2madmin-routes[22m              [2m | [22m [36m36.06 kB[39m[2m | [22m                       
[32mchunk-4GDDXAVM.mjs[39m  [2m | [22m[2m-[22m                         [2m | [22m [36m32.94 kB[39m[2m | [22m                       
[32mchunk-RNRVSEYW.mjs[39m  [2m | [22m[2m-[22m                         [2m | [22m [36m27.36 kB[39m[2m | [22m                       
[32mchunk-HLVI5XV2.mjs[39m  [2m | [22m[2msession-event-module[22m      [2m | [22m [36m26.93 kB[39m[2m | [22m                       
[32mchunk-YEESF3C4.mjs[39m  [2m | [22m[2m-[22m                         [2m | [22m [36m23.96 kB[39m[2m | [22m                       
[32mchunk-ZYVUVPDD.mjs[39m  [2m | [22m[2mmedical-monitor-module[22m    [2m | [22m [36m22.76 kB[39m[2m | [22m                       
[32mchunk-MTOZXYQI.mjs[39m  [2m | [22m[2muser-management-module[22m    [2m | [22m [36m15.34 kB[39m[2m | [22m                       
[32mchunk-YELK7RQF.mjs[39m  [2m | [22m[2m-[22m                         [2m | [22m [36m15.01 kB[39m[2m | [22m                       
[2m...and 28 more lazy chunks files. Use "--verbose" to show all the files.[22m

[35mPrerendered 40 static routes.[39m
Application bundle generation failed. [39.716 seconds] - 2026-02-15T22:42:52.881Z

node.exe : 
[1m[33m[33mÔû▓ [43;33m[
[43;30mWARNING[43;33m][0m 
[1mbundle initial exceeded 
maximum budget. Budget 
500.00 kB was not met by 
67.19 kB with a total of 
567.19 kB.[0m
Au caractère C:\Program 
Files\nodejs\npm.ps1:29 : 3
+   & $NODE_EXE $NPM_CLI_JS 
$args
+   ~~~~~~~~~~~~~~~~~~~~~~~~
~~~~~
    + CategoryInfo          
: No    tSpecified: 
([1m[33m[33mÔ    ... 
567.19 kB.[0m:String) [    
], RemoteException
    + FullyQualifiedErrorId 
: Na    tiveCommandError
 


[33mÔû▓ [43;33m[[43;30mWA
RNING[43;33m][0m [1msrc/a
pp/home/home.component.css 
exceeded maximum budget. 
Budget 4.00 kB was not met 
by 5.43 kB with a total of 
9.43 kB.[0m


[33mÔû▓ [43;33m[[43;30mWA
RNING[43;33m][0m 
[1mModule 'leaflet' used 
by 'src/app/admin/features/g
eolocation/components/zone-m
anagement/zone-management.co
mponent.ts' is not ESM[0m

  CommonJS or AMD 
dependencies can cause 
optimization bailouts.
  For more information see: 
[4mhttps://angular.dev/tool
s/cli/build#configuring-comm
onjs-dependencies[0m

[39m[22m
[1m[31m[31mX [41;31m[[4
1;97mERROR[41;31m][0m [1m
src/app/home/home.component.
css exceeded maximum 
budget. Budget 8.00 kB was 
not met by 1.43 kB with a 
total of 9.43 kB.[0m


[31mX [41;31m[[41;97mERRO
R[41;31m][0m [1mThe 'admi
n/medical-monitoring/patient
s/:id' route uses 
prerendering and includes 
parameters, but 
'getPrerenderParams' is 
missing. Please define 
'getPrerenderParams' 
function for this route in 
your server routing 
configuration or specify a 
different 'renderMode'.[0m

[39m[22m
